0,0.00,Steve_Sleder,St_Sleder,0
1,100.00,Bob_Sleder,Bo_Sleder,0
2,100.00,Jo_Sleder,Jo_Sleder,0
